\BOOKMARK [0][-]{part.1}{\376\377\000I\000\040\004\034\004\060\004\100\004\102\004\070\004\075\004\063\004\060\004\073\004\113\000\040\004\101\000\040\004\064\004\070\004\101\004\072\004\100\004\065\004\102\004\075\004\113\004\074\000\040\004\062\004\100\004\065\004\074\004\065\004\075\004\065\004\074}{}% 1
\BOOKMARK [1][-]{section.1}{\376\377\004\035\004\060\004\077\004\076\004\074\004\070\004\075\004\060\004\075\004\070\004\065\000\040\004\077\004\100\004\076\000\040\004\043\004\034\004\036}{part.1}% 2
\BOOKMARK [1][-]{section.2}{\376\377\004\036\004\101\004\075\004\076\004\062\004\075\004\113\004\065\000\040\004\076\004\077\004\100\004\065\004\064\004\065\004\073\004\065\004\075\004\070\004\117}{part.1}% 3
\BOOKMARK [1][-]{section.3}{\376\377\004\040\004\060\004\067\004\073\004\076\004\066\004\065\004\075\004\070\004\065\000\040\004\024\004\103\004\061\004\060}{part.1}% 4
\BOOKMARK [1][-]{section.4}{\376\377\004\034\004\076\004\074\004\065\004\075\004\102\004\113\000\040\004\076\004\101\004\102\004\060\004\075\004\076\004\062\004\072\004\070}{part.1}% 5
\BOOKMARK [1][-]{section.5}{\376\377\004\041\004\105\004\076\004\064\004\070\004\074\004\076\004\101\004\102\004\114\000\040\004\077\000.\004\075\000.}{part.1}% 6
\BOOKMARK [1][-]{section.6}{\376\377\004\034\004\060\004\072\004\101\004\070\004\074\004\060\004\073\004\114\004\075\004\113\004\065\000\040\004\075\004\065\004\100\004\060\004\062\004\065\004\075\004\101\004\102\004\062\004\060}{part.1}% 7
\BOOKMARK [1][-]{section.7}{\376\377\000L\000p\000\040\004\101\004\105\004\076\004\064\004\070\004\074\004\076\004\101\004\102\004\114\000\040\004\077\004\100\004\070\000\040\000p\000>\0001}{part.1}% 8
\BOOKMARK [1][-]{section.8}{\376\377\004\041\004\105\004\076\004\064\004\070\004\074\004\076\004\101\004\102\004\114\000\040\004\062\000\040\000L\0001}{part.1}% 9
\BOOKMARK [1][-]{section.9}{\376\377\004\037\004\100\004\070\004\073\004\076\004\066\004\065\004\075\004\070\004\117}{part.1}% 10
\BOOKMARK [2][-]{subsection.9.1}{\376\377\004\027\004\060\004\072\004\076\004\075\000\040\0000\000-\0001\000\040\004\032\004\076\004\073\004\074\004\076\004\063\004\076\004\100\004\076\004\062\004\060}{section.9}% 11
\BOOKMARK [2][-]{subsection.9.2}{\376\377\004\020\004\077\004\077\004\100\004\076\004\072\004\101\004\070\004\074\004\060\004\106\004\070\004\117\000\040\004\101\004\073\004\103\004\107\004\060\004\071\004\075\004\113\004\105\000\040\004\062\004\065\004\073\004\070\004\107\004\070\004\075}{section.9}% 12
\BOOKMARK [2][-]{subsection.9.3}{\376\377\004\020\004\061\004\101\004\076\004\073\004\116\004\102\004\075\004\076\000\040\004\075\004\065\004\077\004\100\004\065\004\100\004\113\004\062\004\075\004\113\004\065\000\040\004\104\004\103\004\075\004\072\004\106\004\070\004\070}{section.9}% 13
\BOOKMARK [2][-]{subsection.9.4}{\376\377\004\041\004\070\004\101\004\102\004\065\004\074\004\060\000\040\004\045\004\060\004\060\004\100\004\060}{section.9}% 14
\BOOKMARK [2][-]{subsection.9.5}{\376\377\004\020\004\061\004\101\004\102\004\100\004\060\004\072\004\102\004\075\004\060\004\117\000\040\004\101\004\070\004\101\004\102\004\065\004\074\004\060\000\040\004\045\004\060\004\060\004\100\004\060}{section.9}% 15
\BOOKMARK [2][-]{subsection.9.6}{\376\377\004\041\004\105\004\076\004\064\004\070\004\074\004\076\004\101\004\102\004\114\000\040\004\100\004\117\004\064\004\076\004\062\000\040\004\070\004\067\000\040\004\075\004\065\004\067\004\060\004\062\004\070\004\101\004\070\004\074\004\113\004\105\000\040\004\101\004\073\004\103\004\107\004\060\004\071\004\075\004\113\004\105\000\040\004\062\004\065\004\073\004\070\004\107\004\070\004\075}{section.9}% 16
\BOOKMARK [2][-]{subsection.9.7}{\376\377\004\036\004\061\004\100\004\060\004\102\004\075\004\113\004\065\000\040\004\074\004\060\004\100\004\102\004\070\004\075\004\063\004\060\004\073\004\113}{section.9}% 17
\BOOKMARK [2][-]{subsection.9.8}{\376\377\004\043\004\101\004\070\004\073\004\065\004\075\004\075\004\113\004\071\000\040\004\067\004\060\004\072\004\076\004\075\000\040\004\021\004\076\004\073\004\114\004\110\004\070\004\105\000\040\004\107\004\070\004\101\004\065\004\073}{section.9}% 18
\BOOKMARK [2][-]{subsection.9.9}{\376\377\004\037\004\065\004\100\004\065\004\101\004\102\004\060\004\075\004\076\004\062\004\076\004\107\004\075\004\113\004\065\000\040\004\101\004\073\004\103\004\107\004\060\004\071\004\075\004\113\004\065\000\040\004\062\004\065\004\073\004\070\004\107\004\070\004\075\004\113}{section.9}% 19
\BOOKMARK [2][-]{subsection.9.10}{\376\377\004\042\004\065\004\076\004\100\004\065\004\074\004\060\000\040\004\040\004\060\004\064\004\076\004\075\004\060\000-\004\035\004\070\004\072\004\076\004\064\004\070\004\074\004\060}{section.9}% 20
\BOOKMARK [2][-]{subsection.9.11}{\376\377\004\035\004\060\004\077\004\100\004\060\004\062\004\073\004\065\004\075\004\075\004\113\004\065\000\040\004\107\004\060\004\101\004\102\004\070\004\107\004\075\004\076\000\040\004\103\004\077\004\076\004\100\004\117\004\064\004\076\004\107\004\065\004\075\004\075\004\113\004\065\000\040\004\074\004\075\004\076\004\066\004\065\004\101\004\102\004\062\004\060}{section.9}% 21
\BOOKMARK [2][-]{subsection.9.12}{\376\377\004\027\004\060\004\074\004\065\004\075\004\060\000\040\004\062\004\100\004\065\004\074\004\065\004\075\004\070\000\040\000\050\000O\000p\000t\000i\000o\000n\000a\000l\000\040\000s\000t\000o\000p\000p\000i\000n\000g\000\040\000t\000h\000e\000o\000r\000e\000m\000\051}{section.9}% 22
\BOOKMARK [2][-]{subsection.9.13}{\376\377\004\042\004\076\004\066\004\064\004\065\004\101\004\102\004\062\004\060\000\040\004\022\004\060\004\073\004\114\004\064\004\060}{section.9}% 23
\BOOKMARK [2][-]{subsection.9.14}{\376\377\004\037\004\100\004\070\004\073\004\076\004\066\004\065\004\075\004\070\004\065\000\040\004\072\000\040\004\101\004\073\004\103\004\107\004\060\004\071\004\075\004\076\004\074\004\103\000\040\004\061\004\073\004\103\004\066\004\064\004\060\004\075\004\070\004\116}{section.9}% 24
\BOOKMARK [0][-]{part.2}{\376\377\000I\000I\000\040\004\034\004\060\004\100\004\102\004\070\004\075\004\063\004\060\004\073\004\113\000\040\004\101\000\040\004\075\004\065\004\077\004\100\004\065\004\100\004\113\004\062\004\075\004\113\004\074\000\040\004\062\004\100\004\065\004\074\004\065\004\075\004\065\004\074}{}% 25
\BOOKMARK [1][-]{section.10}{\376\377\004\036\004\101\004\075\004\076\004\062\004\075\004\113\004\065\000\040\004\075\004\065\004\100\004\060\004\062\004\065\004\075\004\101\004\102\004\062\004\060}{part.2}% 26
\BOOKMARK [1][-]{section.11}{\376\377\004\041\004\062\004\076\004\071\004\101\004\102\004\062\004\060\000\040\004\102\004\100\004\060\004\065\004\072\004\102\004\076\004\100\004\070\004\071}{part.2}% 27
\BOOKMARK [1][-]{section.12}{\376\377\004\027\004\060\004\074\004\065\004\075\004\060\000\040\004\062\004\100\004\065\004\074\004\065\004\075\004\070}{part.2}% 28
\BOOKMARK [1][-]{section.13}{\376\377\004\047\004\102\004\076\000-\004\102\004\076\000\040\004\077\004\100\004\076\000\040\004\101\004\073\004\103\004\107\004\060\004\071\004\075\004\113\004\065\000\040\004\077\004\100\004\076\004\106\004\065\004\101\004\101\004\113}{part.2}% 29
\BOOKMARK [0][-]{part.3}{\376\377\000I\000I\000I\000\040\004\043\004\077\004\100\004\060\004\066\004\075\004\065\004\075\004\070\004\117\000\040\004\070\000\040\004\070\004\105\000\040\004\100\004\065\004\110\004\065\004\075\004\070\004\117}{}% 30
