This is pdfTeX, Version 3.141592653-2.6-1.40.29 (MiKTeX 26.1) (preloaded format=pdflatex 2026.2.13)  19 JUN 2026 02:20
entering extended mode
 restricted \write18 enabled.
 %&-line parsing enabled.
**./РєРѕРЅСЃРїРµРєС‚4СЃРµРј_Р°РЅР°Р»РёР·.tex
(РєРѕРЅСЃРїРµРєС‚4СЃРµРј_Р°РЅР°Р»РёР·.tex
LaTeX2e <2025-11-01>
L3 programming layer <2026-01-19>
(C:\Users\Р‘РѕСЂРёСЃ\AppData\Local\Programs\MiKTeX\tex/latex/base\article.cls
Document Class: article 2025/01/22 v1.4n Standard LaTeX document class
(C:\Users\Р‘РѕСЂРёСЃ\AppData\Local\Programs\MiKTeX\tex/latex/base\size12.clo
File: size12.clo 2025/01/22 v1.4n Standard LaTeX file (size option)
)
\c@part=\count275
\c@section=\count276
\c@subsection=\count277
\c@subsubsection=\count278
\c@paragraph=\count279
\c@subparagraph=\count280
\c@figure=\count281
\c@table=\count282
\abovecaptionskip=\skip49
\belowcaptionskip=\skip50
\bibindent=\dimen148
)
(C:\Users\Р‘РѕСЂРёСЃ\AppData\Local\Programs\MiKTeX\tex/latex/base\fontenc.sty
Package: fontenc 2025/07/18 v2.1d Standard LaTeX package

(C:\Users\Р‘РѕСЂРёСЃ\AppData\Local\Programs\MiKTeX\tex/latex/cyrillic\t2aenc.de
f
File: t2aenc.def 2023/11/07 v1.0k Cyrillic encoding definition file
Now handling font encoding T2A ...
... processing UTF-8 mapping file for font encoding T2A
 (C:\Users\Р‘РѕСЂРёСЃ\AppData\Local\Programs\MiKTeX\tex/latex/base\t2aenc.dfu
File: t2aenc.dfu 2022/06/07 v1.3c UTF-8 support
   defining Unicode char U+00A4 (decimal 164)
   defining Unicode char U+00A7 (decimal 167)
   defining Unicode char U+00AB (decimal 171)
   defining Unicode char U+00BB (decimal 187)
   defining Unicode char U+0131 (decimal 305)
   defining Unicode char U+0237 (decimal 567)
   defining Unicode char U+0400 (decimal 1024)
   defining Unicode char U+0401 (decimal 1025)
   defining Unicode char U+0402 (decimal 1026)
   defining Unicode char U+0403 (decimal 1027)
   defining Unicode char U+0404 (decimal 1028)
   defining Unicode char U+0405 (decimal 1029)
   defining Unicode char U+0406 (decimal 1030)
   defining Unicode char U+0407 (decimal 1031)
   defining Unicode char U+0408 (decimal 1032)
   defining Unicode char U+0409 (decimal 1033)
   defining Unicode char U+040A (decimal 1034)
   defining Unicode char U+040B (decimal 1035)
   defining Unicode char U+040C (decimal 1036)
   defining Unicode char U+040D (decimal 1037)
   defining Unicode char U+040E (decimal 1038)
   defining Unicode char U+040F (decimal 1039)
   defining Unicode char U+0410 (decimal 1040)
   defining Unicode char U+0411 (decimal 1041)
   defining Unicode char U+0412 (decimal 1042)
   defining Unicode char U+0413 (decimal 1043)
   defining Unicode char U+0414 (decimal 1044)
   defining Unicode char U+0415 (decimal 1045)
   defining Unicode char U+0416 (decimal 1046)
   defining Unicode char U+0417 (decimal 1047)
   defining Unicode char U+0418 (decimal 1048)
   defining Unicode char U+0419 (decimal 1049)
   defining Unicode char U+041A (decimal 1050)
   defining Unicode char U+041B (decimal 1051)
   defining Unicode char U+041C (decimal 1052)
   defining Unicode char U+041D (decimal 1053)
   defining Unicode char U+041E (decimal 1054)
   defining Unicode char U+041F (decimal 1055)
   defining Unicode char U+0420 (decimal 1056)
   defining Unicode char U+0421 (decimal 1057)
   defining Unicode char U+0422 (decimal 1058)
   defining Unicode char U+0423 (decimal 1059)
   defining Unicode char U+0424 (decimal 1060)
   defining Unicode char U+0425 (decimal 1061)
   defining Unicode char U+0426 (decimal 1062)
   defining Unicode char U+0427 (decimal 1063)
   defining Unicode char U+0428 (decimal 1064)
   defining Unicode char U+0429 (decimal 1065)
   defining Unicode char U+042A (decimal 1066)
   defining Unicode char U+042B (decimal 1067)
   defining Unicode char U+042C (decimal 1068)
   defining Unicode char U+042D (decimal 1069)
   defining Unicode char U+042E (decimal 1070)
   defining Unicode char U+042F (decimal 1071)
   defining Unicode char U+0430 (decimal 1072)
   defining Unicode char U+0431 (decimal 1073)
   defining Unicode char U+0432 (decimal 1074)
   defining Unicode char U+0433 (decimal 1075)
   defining Unicode char U+0434 (decimal 1076)
   defining Unicode char U+0435 (decimal 1077)
   defining Unicode char U+0436 (decimal 1078)
   defining Unicode char U+0437 (decimal 1079)
   defining Unicode char U+0438 (decimal 1080)
   defining Unicode char U+0439 (decimal 1081)
   defining Unicode char U+043A (decimal 1082)
   defining Unicode char U+043B (decimal 1083)
   defining Unicode char U+043C (decimal 1084)
   defining Unicode char U+043D (decimal 1085)
   defining Unicode char U+043E (decimal 1086)
   defining Unicode char U+043F (decimal 1087)
   defining Unicode char U+0440 (decimal 1088)
   defining Unicode char U+0441 (decimal 1089)
   defining Unicode char U+0442 (decimal 1090)
   defining Unicode char U+0443 (decimal 1091)
   defining Unicode char U+0444 (decimal 1092)
   defining Unicode char U+0445 (decimal 1093)
   defining Unicode char U+0446 (decimal 1094)
   defining Unicode char U+0447 (decimal 1095)
   defining Unicode char U+0448 (decimal 1096)
   defining Unicode char U+0449 (decimal 1097)
   defining Unicode char U+044A (decimal 1098)
   defining Unicode char U+044B (decimal 1099)
   defining Unicode char U+044C (decimal 1100)
   defining Unicode char U+044D (decimal 1101)
   defining Unicode char U+044E (decimal 1102)
   defining Unicode char U+044F (decimal 1103)
   defining Unicode char U+0450 (decimal 1104)
   defining Unicode char U+0451 (decimal 1105)
   defining Unicode char U+0452 (decimal 1106)
   defining Unicode char U+0453 (decimal 1107)
   defining Unicode char U+0454 (decimal 1108)
   defining Unicode char U+0455 (decimal 1109)
   defining Unicode char U+0456 (decimal 1110)
   defining Unicode char U+0457 (decimal 1111)
   defining Unicode char U+0458 (decimal 1112)
   defining Unicode char U+0459 (decimal 1113)
   defining Unicode char U+045A (decimal 1114)
   defining Unicode char U+045B (decimal 1115)
   defining Unicode char U+045C (decimal 1116)
   defining Unicode char U+045D (decimal 1117)
   defining Unicode char U+045E (decimal 1118)
   defining Unicode char U+045F (decimal 1119)
   defining Unicode char U+0490 (decimal 1168)
   defining Unicode char U+0491 (decimal 1169)
   defining Unicode char U+0492 (decimal 1170)
   defining Unicode char U+0493 (decimal 1171)
   defining Unicode char U+0496 (decimal 1174)
   defining Unicode char U+0497 (decimal 1175)
   defining Unicode char U+0498 (decimal 1176)
   defining Unicode char U+0499 (decimal 1177)
   defining Unicode char U+049A (decimal 1178)
   defining Unicode char U+049B (decimal 1179)
   defining Unicode char U+049C (decimal 1180)
   defining Unicode char U+049D (decimal 1181)
   defining Unicode char U+04A0 (decimal 1184)
   defining Unicode char U+04A1 (decimal 1185)
   defining Unicode char U+04A2 (decimal 1186)
   defining Unicode char U+04A3 (decimal 1187)
   defining Unicode char U+04A4 (decimal 1188)
   defining Unicode char U+04A5 (decimal 1189)
   defining Unicode char U+04AA (decimal 1194)
   defining Unicode char U+04AB (decimal 1195)
   defining Unicode char U+04AE (decimal 1198)
   defining Unicode char U+04AF (decimal 1199)
   defining Unicode char U+04B0 (decimal 1200)
   defining Unicode char U+04B1 (decimal 1201)
   defining Unicode char U+04B2 (decimal 1202)
   defining Unicode char U+04B3 (decimal 1203)
   defining Unicode char U+04B6 (decimal 1206)
   defining Unicode char U+04B7 (decimal 1207)
   defining Unicode char U+04B8 (decimal 1208)
   defining Unicode char U+04B9 (decimal 1209)
   defining Unicode char U+04BA (decimal 1210)
   defining Unicode char U+04BB (decimal 1211)
   defining Unicode char U+04C0 (decimal 1216)
   defining Unicode char U+04C1 (decimal 1217)
   defining Unicode char U+04C2 (decimal 1218)
   defining Unicode char U+04D0 (decimal 1232)
   defining Unicode char U+04D1 (decimal 1233)
   defining Unicode char U+04D2 (decimal 1234)
   defining Unicode char U+04D3 (decimal 1235)
   defining Unicode char U+04D4 (decimal 1236)
   defining Unicode char U+04D5 (decimal 1237)
   defining Unicode char U+04D6 (decimal 1238)
   defining Unicode char U+04D7 (decimal 1239)
   defining Unicode char U+04D8 (decimal 1240)
   defining Unicode char U+04D9 (decimal 1241)
   defining Unicode char U+04DA (decimal 1242)
   defining Unicode char U+04DB (decimal 1243)
   defining Unicode char U+04DC (decimal 1244)
   defining Unicode char U+04DD (decimal 1245)
   defining Unicode char U+04DE (decimal 1246)
   defining Unicode char U+04DF (decimal 1247)
   defining Unicode char U+04E2 (decimal 1250)
   defining Unicode char U+04E3 (decimal 1251)
   defining Unicode char U+04E4 (decimal 1252)
   defining Unicode char U+04E5 (decimal 1253)
   defining Unicode char U+04E6 (decimal 1254)
   defining Unicode char U+04E7 (decimal 1255)
   defining Unicode char U+04E8 (decimal 1256)
   defining Unicode char U+04E9 (decimal 1257)
   defining Unicode char U+04EC (decimal 1260)
   defining Unicode char U+04ED (decimal 1261)
   defining Unicode char U+04EE (decimal 1262)
   defining Unicode char U+04EF (decimal 1263)
   defining Unicode char U+04F0 (decimal 1264)
   defining Unicode char U+04F1 (decimal 1265)
   defining Unicode char U+04F2 (decimal 1266)
   defining Unicode char U+04F3 (decimal 1267)
   defining Unicode char U+04F4 (decimal 1268)
   defining Unicode char U+04F5 (decimal 1269)
   defining Unicode char U+04F8 (decimal 1272)
   defining Unicode char U+04F9 (decimal 1273)
   defining Unicode char U+200C (decimal 8204)
   defining Unicode char U+2013 (decimal 8211)
   defining Unicode char U+2014 (decimal 8212)
   defining Unicode char U+2018 (decimal 8216)
   defining Unicode char U+2019 (decimal 8217)
   defining Unicode char U+201C (decimal 8220)
   defining Unicode char U+201D (decimal 8221)
   defining Unicode char U+201E (decimal 8222)
   defining Unicode char U+2030 (decimal 8240)
   defining Unicode char U+2031 (decimal 8241)
   defining Unicode char U+2116 (decimal 8470)
   defining Unicode char U+2329 (decimal 9001)
   defining Unicode char U+3008 (decimal 12296)
   defining Unicode char U+232A (decimal 9002)
   defining Unicode char U+3009 (decimal 12297)
   defining Unicode char U+2423 (decimal 9251)
   defining Unicode char U+27E8 (decimal 10216)
   defining Unicode char U+27E9 (decimal 10217)
   defining Unicode char U+FB00 (decimal 64256)
   defining Unicode char U+FB01 (decimal 64257)
   defining Unicode char U+FB02 (decimal 64258)
   defining Unicode char U+FB03 (decimal 64259)
   defining Unicode char U+FB04 (decimal 64260)
   defining Unicode char U+FB05 (decimal 64261)
   defining Unicode char U+FB06 (decimal 64262)
))
LaTeX Font Info:    Trying to load font information for T2A+cmr on input line 1
16.

(C:\Users\Р‘РѕСЂРёСЃ\AppData\Local\Programs\MiKTeX\tex/latex/cyrillic\t2acmr.fd
File: t2acmr.fd 2001/08/11 v1.0a Computer Modern Cyrillic font definitions
))
(C:\Users\Р‘РѕСЂРёСЃ\AppData\Local\Programs\MiKTeX\tex/latex/base\inputenc.sty
Package: inputenc 2024/02/08 v1.3d Input encoding file
\inpenc@prehook=\toks17
\inpenc@posthook=\toks18
) (C:\Users\Р‘РѕСЂРёСЃ\AppData\Local\Programs\MiKTeX\tex/generic/babel\babel.st
y
Package: babel 2026/01/26 v26.2 The multilingual framework for LuaLaTeX, pdfLaT
eX and XeLaTeX
\babel@savecnt=\count283
LaTeX Encoding Info:    Redeclaring text command \ij (encoding OT1) on input li
ne 2078.
LaTeX Encoding Info:    Redeclaring text command \IJ (encoding OT1) on input li
ne 2080.
LaTeX Encoding Info:    Redeclaring text command \ij (encoding T1) on input lin
e 2082.
LaTeX Encoding Info:    Redeclaring text command \IJ (encoding T1) on input lin
e 2083.
LaTeX Encoding Info:    Ignoring declaration for text command \ij (encoding ?) 
on input line 2084.
LaTeX Encoding Info:    Ignoring declaration for text command \IJ (encoding ?) 
on input line 2086.
LaTeX Encoding Info:    Ignoring declaration for text command \SS (encoding ?) 
on input line 2111.
\U@D=\dimen149
\l@unhyphenated=\language79

(C:\Users\Р‘РѕСЂРёСЃ\AppData\Local\Programs\MiKTeX\tex/generic/babel\txtbabel.d
ef)
\bbl@readstream=\read2
\bbl@dirlevel=\count284
Package babel Info: Configuration files are deprecated, as
(babel)             they can break document portability.
(babel)             Reported on input line 4206.

*************************************
* Local config file bblopts.cfg used
*
(C:\Users\Р‘РѕСЂРёСЃ\AppData\Local\Programs\MiKTeX\tex/latex/arabi\bblopts.cfg
File: bblopts.cfg 2005/09/08 v0.1 add Arabic and Farsi to "declared" options of
 babel
)
(C:\Users\Р‘РѕСЂРёСЃ\AppData\Local\Programs\MiKTeX\tex/generic/babel/locale/en\
babel-english.tex)
(C:\Users\Р‘РѕСЂРёСЃ\AppData\Local\Programs\MiKTeX\tex/generic/babel/locale/ru\
babel-russian.tex)
Package babel Info: Importing font and identification data for english
(babel)             from babel-en.ini. Reported on input line 4330.

(C:\Users\Р‘РѕСЂРёСЃ\AppData\Local\Programs\MiKTeX\tex/latex/babel-english\engl
ish.ldf
Language: english 2017/06/06 v3.3r English support from the babel system
Package babel Info: Hyphen rules for 'canadian' set to \l@english
(babel)             (\language0). Reported on input line 102.
Package babel Info: Hyphen rules for 'australian' set to \l@ukenglish
(babel)             (\language73). Reported on input line 105.
Package babel Info: Hyphen rules for 'newzealand' set to \l@ukenglish
(babel)             (\language73). Reported on input line 108.
)
Package babel Info: Importing font and identification data for russian
(babel)             from babel-ru.ini. Reported on input line 4330.

(C:\Users\Р‘РѕСЂРёСЃ\AppData\Local\Programs\MiKTeX\tex/latex/babel-russian\russ
ianb.ldf
File: russianb.ldf 2021/01/10 1.3m Russian support for the Babel system
Language: russian 2020/09/09 1.3k Russian support for the Babel system
Package babel Info: Making " an active character on input line 124.
Package babel Info: Default for \cyrdash is provided on input line 163.
))
(C:\Users\Р‘РѕСЂРёСЃ\AppData\Local\Programs\MiKTeX\tex/latex/cmap\cmap.sty
Package: cmap 2021/02/06 v1.0j CMap support: searchable PDF


Package cmap Warning: fontenc already loaded - some fonts may be unprocessed.

)
(C:\Users\Р‘РѕСЂРёСЃ\AppData\Local\Programs\MiKTeX\tex/latex/geometry\geometry.
sty
Package: geometry 2020/01/02 v5.9 Page Geometry

(C:\Users\Р‘РѕСЂРёСЃ\AppData\Local\Programs\MiKTeX\tex/latex/graphics\keyval.st
y
Package: keyval 2022/05/29 v1.15 key=value parser (DPC)
\KV@toks@=\toks19
)
(C:\Users\Р‘РѕСЂРёСЃ\AppData\Local\Programs\MiKTeX\tex/generic/iftex\ifvtex.sty
Package: ifvtex 2019/10/25 v1.7 ifvtex legacy package. Use iftex instead.
(C:\Users\Р‘РѕСЂРёСЃ\AppData\Local\Programs\MiKTeX\tex/generic/iftex\iftex.sty
Package: iftex 2024/12/12 v1.0g TeX engine tests
))
\Gm@cnth=\count285
\Gm@cntv=\count286
\c@Gm@tempcnt=\count287
\Gm@bindingoffset=\dimen150
\Gm@wd@mp=\dimen151
\Gm@odd@mp=\dimen152
\Gm@even@mp=\dimen153
\Gm@layoutwidth=\dimen154
\Gm@layoutheight=\dimen155
\Gm@layouthoffset=\dimen156
\Gm@layoutvoffset=\dimen157
\Gm@dimlist=\toks20

(C:\Users\Р‘РѕСЂРёСЃ\AppData\Local\Programs\MiKTeX\tex/latex/geometry\geometry.
cfg))
(C:\Users\Р‘РѕСЂРёСЃ\AppData\Local\Programs\MiKTeX\tex/latex/graphics\graphicx.
sty
Package: graphicx 2024/12/31 v1.2e Enhanced LaTeX Graphics (DPC,SPQR)

(C:\Users\Р‘РѕСЂРёСЃ\AppData\Local\Programs\MiKTeX\tex/latex/graphics\graphics.
sty
Package: graphics 2024/08/06 v1.4g Standard LaTeX Graphics (DPC,SPQR)

(C:\Users\Р‘РѕСЂРёСЃ\AppData\Local\Programs\MiKTeX\tex/latex/graphics\trig.sty
Package: trig 2023/12/02 v1.11 sin cos tan (DPC)
)
(C:\Users\Р‘РѕСЂРёСЃ\AppData\Local\Programs\MiKTeX\tex/latex/graphics-cfg\graph
ics.cfg
File: graphics.cfg 2016/06/04 v1.11 sample graphics configuration
)
Package graphics Info: Driver file: pdftex.def on input line 106.

(C:\Users\Р‘РѕСЂРёСЃ\AppData\Local\Programs\MiKTeX\tex/latex/graphics-def\pdfte
x.def
File: pdftex.def 2025/09/29 v1.2d Graphics/color driver for pdftex
))
\Gin@req@height=\dimen158
\Gin@req@width=\dimen159
)
(C:\Users\Р‘РѕСЂРёСЃ\AppData\Local\Programs\MiKTeX\tex/latex/enumitem\enumitem.
sty
Package: enumitem 2025/02/06 v3.11 Customized lists
\labelindent=\skip51
\enit@outerparindent=\dimen160
\enit@toks=\toks21
\enit@inbox=\box53
\enit@count@id=\count288
\enitdp@description=\count289
)
(C:\Users\Р‘РѕСЂРёСЃ\AppData\Local\Programs\MiKTeX\tex/latex/float\float.sty
Package: float 2001/11/08 v1.3d Float enhancements (AL)
\c@float@type=\count290
\float@exts=\toks22
\float@box=\box54
\@float@everytoks=\toks23
\@floatcapt=\box55
)
(C:\Users\Р‘РѕСЂРёСЃ\AppData\Local\Programs\MiKTeX\tex/latex/caption\caption.st
y
Package: caption 2023/08/05 v3.6o Customizing captions (AR)

(C:\Users\Р‘РѕСЂРёСЃ\AppData\Local\Programs\MiKTeX\tex/latex/caption\caption3.s
ty
Package: caption3 2023/07/31 v2.4d caption3 kernel (AR)
\caption@tempdima=\dimen161
\captionmargin=\dimen162
\caption@leftmargin=\dimen163
\caption@rightmargin=\dimen164
\caption@width=\dimen165
\caption@indent=\dimen166
\caption@parindent=\dimen167
\caption@hangindent=\dimen168
Package caption Info: Standard document class detected.
)
\c@caption@flags=\count291
\c@continuedfloat=\count292
Package caption Info: float package is loaded.
)
(C:\Users\Р‘РѕСЂРёСЃ\AppData\Local\Programs\MiKTeX\tex/latex/amsmath\amsmath.st
y
Package: amsmath 2025/07/09 v2.17z AMS math features
\@mathmargin=\skip52

For additional information on amsmath, use the `?' option.

(C:\Users\Р‘РѕСЂРёСЃ\AppData\Local\Programs\MiKTeX\tex/latex/amsmath\amstext.st
y
Package: amstext 2024/11/17 v2.01 AMS text

(C:\Users\Р‘РѕСЂРёСЃ\AppData\Local\Programs\MiKTeX\tex/latex/amsmath\amsgen.sty
File: amsgen.sty 1999/11/30 v2.0 generic functions
\@emptytoks=\toks24
\ex@=\dimen169
))
(C:\Users\Р‘РѕСЂРёСЃ\AppData\Local\Programs\MiKTeX\tex/latex/amsmath\amsbsy.sty
Package: amsbsy 1999/11/29 v1.2d Bold Symbols
\pmbraise@=\dimen170
)
(C:\Users\Р‘РѕСЂРёСЃ\AppData\Local\Programs\MiKTeX\tex/latex/amsmath\amsopn.sty
Package: amsopn 2022/04/08 v2.04 operator names
)
\inf@bad=\count293
LaTeX Info: Redefining \frac on input line 233.
\uproot@=\count294
\leftroot@=\count295
LaTeX Info: Redefining \overline on input line 398.
LaTeX Info: Redefining \colon on input line 409.
\classnum@=\count296
\DOTSCASE@=\count297
LaTeX Info: Redefining \ldots on input line 495.
LaTeX Info: Redefining \dots on input line 498.
LaTeX Info: Redefining \cdots on input line 619.
\Mathstrutbox@=\box56
\strutbox@=\box57
LaTeX Info: Redefining \big on input line 721.
LaTeX Info: Redefining \Big on input line 722.
LaTeX Info: Redefining \bigg on input line 723.
LaTeX Info: Redefining \Bigg on input line 724.
\big@size=\dimen171
LaTeX Font Info:    Redeclaring font encoding OML on input line 742.
LaTeX Font Info:    Redeclaring font encoding OMS on input line 743.
\macc@depth=\count298
LaTeX Info: Redefining \bmod on input line 904.
LaTeX Info: Redefining \pmod on input line 909.
LaTeX Info: Redefining \smash on input line 939.
LaTeX Info: Redefining \relbar on input line 969.
LaTeX Info: Redefining \Relbar on input line 970.
\c@MaxMatrixCols=\count299
\dotsspace@=\muskip17
\c@parentequation=\count300
\dspbrk@lvl=\count301
\tag@help=\toks25
\row@=\count302
\column@=\count303
\maxfields@=\count304
\andhelp@=\toks26
\eqnshift@=\dimen172
\alignsep@=\dimen173
\tagshift@=\dimen174
\tagwidth@=\dimen175
\totwidth@=\dimen176
\lineht@=\dimen177
\@envbody=\toks27
\multlinegap=\skip53
\multlinetaggap=\skip54
\mathdisplay@stack=\toks28
LaTeX Info: Redefining \[ on input line 2950.
LaTeX Info: Redefining \] on input line 2951.
)
(C:\Users\Р‘РѕСЂРёСЃ\AppData\Local\Programs\MiKTeX\tex/latex/amsfonts\amssymb.s
ty
Package: amssymb 2013/01/14 v3.01 AMS font symbols

(C:\Users\Р‘РѕСЂРёСЃ\AppData\Local\Programs\MiKTeX\tex/latex/amsfonts\amsfonts.
sty
Package: amsfonts 2013/01/14 v3.01 Basic AMSFonts support
\symAMSa=\mathgroup4
\symAMSb=\mathgroup5
LaTeX Font Info:    Redeclaring math symbol \hbar on input line 98.
LaTeX Font Info:    Overwriting math alphabet `\mathfrak' in version `bold'
(Font)                  U/euf/m/n --> U/euf/b/n on input line 106.
))
(C:\Users\Р‘РѕСЂРёСЃ\AppData\Local\Programs\MiKTeX\tex/latex/amscls\amsthm.sty
Package: amsthm 2020/05/29 v2.20.6
\thm@style=\toks29
\thm@bodyfont=\toks30
\thm@headfont=\toks31
\thm@notefont=\toks32
\thm@headpunct=\toks33
\thm@preskip=\skip55
\thm@postskip=\skip56
\thm@headsep=\skip57
\dth@everypar=\toks34
)
(C:\Users\Р‘РѕСЂРёСЃ\AppData\Local\Programs\MiKTeX\tex/latex/extarrows\extarrow
s.sty
Package: extarrows 2020/03/12 v1.2.0 Some extensible arrows
)
(C:\Users\Р‘РѕСЂРёСЃ\AppData\Local\Programs\MiKTeX\tex/latex/base\makeidx.sty
Package: makeidx 2021/10/04 v1.0m Standard LaTeX package
)
(C:\Users\Р‘РѕСЂРёСЃ\AppData\Local\Programs\MiKTeX\tex/latex/hyperref\hyperref.
sty
Package: hyperref 2026-01-29 v7.01p Hypertext links for LaTeX

(C:\Users\Р‘РѕСЂРёСЃ\AppData\Local\Programs\MiKTeX\tex/latex/kvsetkeys\kvsetkey
s.sty
Package: kvsetkeys 2022-10-05 v1.19 Key value parser (HO)
)
(C:\Users\Р‘РѕСЂРёСЃ\AppData\Local\Programs\MiKTeX\tex/generic/kvdefinekeys\kvd
efinekeys.sty
Package: kvdefinekeys 2019-12-19 v1.6 Define keys (HO)
)
(C:\Users\Р‘РѕСЂРёСЃ\AppData\Local\Programs\MiKTeX\tex/generic/pdfescape\pdfesc
ape.sty
Package: pdfescape 2019/12/09 v1.15 Implements pdfTeX's escape features (HO)

(C:\Users\Р‘РѕСЂРёСЃ\AppData\Local\Programs\MiKTeX\tex/generic/ltxcmds\ltxcmds.
sty
Package: ltxcmds 2023-12-04 v1.26 LaTeX kernel commands for general use (HO)
)
(C:\Users\Р‘РѕСЂРёСЃ\AppData\Local\Programs\MiKTeX\tex/generic/pdftexcmds\pdfte
xcmds.sty
Package: pdftexcmds 2020-06-27 v0.33 Utility functions of pdfTeX for LuaTeX (HO
)

(C:\Users\Р‘РѕСЂРёСЃ\AppData\Local\Programs\MiKTeX\tex/generic/infwarerr\infwar
err.sty
Package: infwarerr 2019/12/03 v1.5 Providing info/warning/error messages (HO)
)
Package pdftexcmds Info: \pdf@primitive is available.
Package pdftexcmds Info: \pdf@ifprimitive is available.
Package pdftexcmds Info: \pdfdraftmode found.
))
(C:\Users\Р‘РѕСЂРёСЃ\AppData\Local\Programs\MiKTeX\tex/latex/hycolor\hycolor.st
y
Package: hycolor 2020-01-27 v1.10 Color options for hyperref/bookmark (HO)
)
(C:\Users\Р‘РѕСЂРёСЃ\AppData\Local\Programs\MiKTeX\tex/latex/hyperref\nameref.s
ty
Package: nameref 2026-01-29 v2.58 Cross-referencing by name of section

(C:\Users\Р‘РѕСЂРёСЃ\AppData\Local\Programs\MiKTeX\tex/latex/refcount\refcount.
sty
Package: refcount 2019/12/15 v3.6 Data extraction from label references (HO)
)
(C:\Users\Р‘РѕСЂРёСЃ\AppData\Local\Programs\MiKTeX\tex/generic/gettitlestring\g
ettitlestring.sty
Package: gettitlestring 2019/12/15 v1.6 Cleanup title references (HO)

(C:\Users\Р‘РѕСЂРёСЃ\AppData\Local\Programs\MiKTeX\tex/latex/kvoptions\kvoption
s.sty
Package: kvoptions 2022-06-15 v3.15 Key value format for package options (HO)
))
\c@section@level=\count305
)
(C:\Users\Р‘РѕСЂРёСЃ\AppData\Local\Programs\MiKTeX\tex/latex/etoolbox\etoolbox.
sty
Package: etoolbox 2025/10/02 v2.5m e-TeX tools for LaTeX (JAW)
\etb@tempcnta=\count306
)
(C:\Users\Р‘РѕСЂРёСЃ\AppData\Local\Programs\MiKTeX\tex/generic/stringenc\string
enc.sty
Package: stringenc 2019/11/29 v1.12 Convert strings between diff. encodings (HO
)
)
\@linkdim=\dimen178
\Hy@linkcounter=\count307
\Hy@pagecounter=\count308

(C:\Users\Р‘РѕСЂРёСЃ\AppData\Local\Programs\MiKTeX\tex/latex/hyperref\pd1enc.de
f
File: pd1enc.def 2026-01-29 v7.01p Hyperref: PDFDocEncoding definition (HO)
Now handling font encoding PD1 ...
... no UTF-8 mapping file for font encoding PD1
)
(C:\Users\Р‘РѕСЂРёСЃ\AppData\Local\Programs\MiKTeX\tex/generic/intcalc\intcalc.
sty
Package: intcalc 2019/12/15 v1.3 Expandable calculations with integers (HO)
)
\Hy@SavedSpaceFactor=\count309

(C:\Users\Р‘РѕСЂРёСЃ\AppData\Local\Programs\MiKTeX\tex/latex/hyperref\puenc.def
File: puenc.def 2026-01-29 v7.01p Hyperref: PDF Unicode definition (HO)
Now handling font encoding PU ...
... no UTF-8 mapping file for font encoding PU
)
Package hyperref Info: Option `unicode' set `true' on input line 3166.
Package hyperref Info: Hyper figures OFF on input line 4201.
Package hyperref Info: Link nesting OFF on input line 4206.
Package hyperref Info: Hyper index ON on input line 4209.
Package hyperref Info: Plain pages OFF on input line 4216.
Package hyperref Info: Backreferencing OFF on input line 4221.
Package hyperref Info: Implicit mode ON; LaTeX internals redefined.
Package hyperref Info: Bookmarks ON on input line 4468.
\c@Hy@tempcnt=\count310
 (C:\Users\Р‘РѕСЂРёСЃ\AppData\Local\Programs\MiKTeX\tex/latex/url\url.sty
\Urlmuskip=\muskip18
Package: url 2013/09/16  ver 3.4  Verb mode for urls, etc.
)
LaTeX Info: Redefining \url on input line 4807.
\XeTeXLinkMargin=\dimen179

(C:\Users\Р‘РѕСЂРёСЃ\AppData\Local\Programs\MiKTeX\tex/generic/bitset\bitset.st
y
Package: bitset 2019/12/09 v1.3 Handle bit-vector datatype (HO)

(C:\Users\Р‘РѕСЂРёСЃ\AppData\Local\Programs\MiKTeX\tex/generic/bigintcalc\bigin
tcalc.sty
Package: bigintcalc 2019/12/15 v1.5 Expandable calculations on big integers (HO
)
))
\Fld@menulength=\count311
\Field@Width=\dimen180
\Fld@charsize=\dimen181
Package hyperref Info: Hyper figures OFF on input line 6084.
Package hyperref Info: Link nesting OFF on input line 6089.
Package hyperref Info: Hyper index ON on input line 6092.
Package hyperref Info: backreferencing OFF on input line 6099.
Package hyperref Info: Link coloring OFF on input line 6104.
Package hyperref Info: Link coloring with OCG OFF on input line 6109.
Package hyperref Info: PDF/A mode OFF on input line 6114.
\Hy@abspage=\count312
\c@Item=\count313
\c@Hfootnote=\count314
)
Package hyperref Info: Driver (autodetected): hpdftex.

(C:\Users\Р‘РѕСЂРёСЃ\AppData\Local\Programs\MiKTeX\tex/latex/hyperref\hpdftex.d
ef
File: hpdftex.def 2026-01-29 v7.01p Hyperref driver for pdfTeX
\Fld@listcount=\count315
\c@bookmark@seq@number=\count316

(C:\Users\Р‘РѕСЂРёСЃ\AppData\Local\Programs\MiKTeX\tex/latex/rerunfilecheck\rer
unfilecheck.sty
Package: rerunfilecheck 2025-06-21 v1.11 Rerun checks for auxiliary files (HO)

(C:\Users\Р‘РѕСЂРёСЃ\AppData\Local\Programs\MiKTeX\tex/generic/uniquecounter\un
iquecounter.sty
Package: uniquecounter 2019/12/15 v1.4 Provide unlimited unique counter (HO)
)
Package uniquecounter Info: New unique counter `rerunfilecheck' on input line 2
84.
)
\Hy@SectionHShift=\skip58
)
(C:\Users\Р‘РѕСЂРёСЃ\AppData\Local\Programs\MiKTeX\tex/latex/setspace\setspace.
sty
Package: setspace 2022/12/04 v6.7b set line spacing
)
(C:\Users\Р‘РѕСЂРёСЃ\AppData\Local\Programs\MiKTeX\tex/latex/titlesec\titlesec.
sty
Package: titlesec 2025/01/04 v2.17 Sectioning titles
\ttl@box=\box58
\beforetitleunit=\skip59
\aftertitleunit=\skip60
\ttl@plus=\dimen182
\ttl@minus=\dimen183
\ttl@toksa=\toks35
\titlewidth=\dimen184
\titlewidthlast=\dimen185
\titlewidthfirst=\dimen186
)
(C:\Users\Р‘РѕСЂРёСЃ\AppData\Local\Programs\MiKTeX\tex/latex/paratype\paratype.
sty
Package: paratype 2012/01/24 Style file for package paratype.

(C:\Users\Р‘РѕСЂРёСЃ\AppData\Local\Programs\MiKTeX\tex/latex/paratype\PTSans.st
y
Package: PTSans 2011/02/09 Style file for PTSans.
)
(C:\Users\Р‘РѕСЂРёСЃ\AppData\Local\Programs\MiKTeX\tex/latex/paratype\PTSerif.s
ty
Package: PTSerif 2011/02/10 Style file for PTSerif.
)
(C:\Users\Р‘РѕСЂРёСЃ\AppData\Local\Programs\MiKTeX\tex/latex/paratype\PTMono.st
y
Package: PTMono 2012/01/24 Style file for PTMono.
))
\c@theorem=\count317
\c@lemma=\count318
\c@definition=\count319
\c@proposition=\count320
\c@consequence=\count321
LaTeX Font Info:    Trying to load font information for T2A+PTSerif-TLF on inpu
t line 41.

(C:\Users\Р‘РѕСЂРёСЃ\AppData\Local\Programs\MiKTeX\tex/latex/paratype\t2aptseri
f-tlf.fd
File: T2APTSerif-TLF.fd 2014/02/02 Font definitions for T2A/PTSerif-TLF.
)<<t2a.cmap>>
(C:\Users\Р‘РѕСЂРёСЃ\AppData\Local\Programs\MiKTeX\tex/latex/l3backend\l3backen
d-pdftex.def
File: l3backend-pdftex.def 2025-10-09 L3 backend support: PDF output (pdfTeX)
\l__color_backend_stack_int=\count322
) (РєРѕРЅСЃРїРµРєС‚4СЃРµРј_Р°РЅР°Р»РёР·.aux
Package babel Info: 'russian' activates 'russian' shorthands.
(babel)             Reported on input line 8.
)
\openout1 = `РєРѕРЅСЃРїРµРєС‚4СЃРµРј_Р°РЅР°Р»РёР·.aux'.

LaTeX Font Info:    Checking defaults for OML/cmm/m/it on input line 41.
LaTeX Font Info:    ... okay on input line 41.
LaTeX Font Info:    Checking defaults for OMS/cmsy/m/n on input line 41.
LaTeX Font Info:    ... okay on input line 41.
LaTeX Font Info:    Checking defaults for OT1/cmr/m/n on input line 41.
LaTeX Font Info:    ... okay on input line 41.
LaTeX Font Info:    Checking defaults for T1/cmr/m/n on input line 41.
LaTeX Font Info:    ... okay on input line 41.
LaTeX Font Info:    Checking defaults for TS1/cmr/m/n on input line 41.
LaTeX Font Info:    ... okay on input line 41.
LaTeX Font Info:    Checking defaults for OMX/cmex/m/n on input line 41.
LaTeX Font Info:    ... okay on input line 41.
LaTeX Font Info:    Checking defaults for U/cmr/m/n on input line 41.
LaTeX Font Info:    ... okay on input line 41.
LaTeX Font Info:    Checking defaults for T2A/cmr/m/n on input line 41.
LaTeX Font Info:    ... okay on input line 41.
LaTeX Font Info:    Checking defaults for PD1/pdf/m/n on input line 41.
LaTeX Font Info:    ... okay on input line 41.
LaTeX Font Info:    Checking defaults for PU/pdf/m/n on input line 41.
LaTeX Font Info:    ... okay on input line 41.
LaTeX Info: Redefining \th on input line 41.

*geometry* driver: auto-detecting
*geometry* detected driver: pdftex
*geometry* verbose mode - [ preamble ] result:
* driver: pdftex
* paper: a4paper
* layout: <same size as paper>
* layoutoffset:(h,v)=(0.0pt,0.0pt)
* modes: 
* h-part:(L,W,R)=(56.9055pt, 483.69687pt, 56.9055pt)
* v-part:(T,H,B)=(56.9055pt, 731.23584pt, 56.9055pt)
* \paperwidth=597.50787pt
* \paperheight=845.04684pt
* \textwidth=483.69687pt
* \textheight=731.23584pt
* \oddsidemargin=-15.36449pt
* \evensidemargin=-15.36449pt
* \topmargin=-52.36449pt
* \headheight=12.0pt
* \headsep=25.0pt
* \topskip=12.0pt
* \footskip=30.0pt
* \marginparwidth=35.0pt
* \marginparsep=10.0pt
* \columnsep=10.0pt
* \skip\footins=10.8pt plus 4.0pt minus 2.0pt
* \hoffset=0.0pt
* \voffset=0.0pt
* \mag=1000
* \@twocolumnfalse
* \@twosidefalse
* \@mparswitchfalse
* \@reversemarginfalse
* (1in=72.27pt=25.4mm, 1cm=28.453pt)


(C:\Users\Р‘РѕСЂРёСЃ\AppData\Local\Programs\MiKTeX\tex/context/base/mkii\supp-p
df.mkii
[Loading MPS to PDF converter (version 2006.09.02).]
\scratchcounter=\count323
\scratchdimen=\dimen187
\scratchbox=\box59
\nofMPsegments=\count324
\nofMParguments=\count325
\everyMPshowfont=\toks36
\MPscratchCnt=\count326
\MPscratchDim=\dimen188
\MPnumerator=\count327
\makeMPintoPDFobject=\count328
\everyMPtoPDFconversion=\toks37
)
(C:\Users\Р‘РѕСЂРёСЃ\AppData\Local\Programs\MiKTeX\tex/latex/epstopdf-pkg\epsto
pdf-base.sty
Package: epstopdf-base 2020-01-24 v2.11 Base part for package epstopdf
Package epstopdf-base Info: Redefining graphics rule for `.eps' on input line 4
85.

(C:\Users\Р‘РѕСЂРёСЃ\AppData\Local\Programs\MiKTeX\tex/latex/00miktex\epstopdf-
sys.cfg
File: epstopdf-sys.cfg 2021/03/18 v2.0 Configuration of epstopdf for MiKTeX
))
Package caption Info: Begin \AtBeginDocument code.
Package caption Info: hyperref package is loaded.
Package caption Info: End \AtBeginDocument code.
Package hyperref Info: Link coloring OFF on input line 41.
 (РєРѕРЅСЃРїРµРєС‚4СЃРµРј_Р°РЅР°Р»РёР·.out)
(РєРѕРЅСЃРїРµРєС‚4СЃРµРј_Р°РЅР°Р»РёР·.out)
\@outlinefile=\write3
\openout3 = `РєРѕРЅСЃРїРµРєС‚4СЃРµРј_Р°РЅР°Р»РёР·.out'.

<<ot1.cmap>><<oml.cmap>><<oms.cmap>><<omx.cmap>>
LaTeX Font Info:    Trying to load font information for U+msa on input line 43.


(C:\Users\Р‘РѕСЂРёСЃ\AppData\Local\Programs\MiKTeX\tex/latex/amsfonts\umsa.fd
File: umsa.fd 2013/01/14 v3.01 AMS symbols A
)
LaTeX Font Info:    Trying to load font information for U+msb on input line 43.


(C:\Users\Р‘РѕСЂРёСЃ\AppData\Local\Programs\MiKTeX\tex/latex/amsfonts\umsb.fd
File: umsb.fd 2013/01/14 v3.01 AMS symbols B
)
(РєРѕРЅСЃРїРµРєС‚4СЃРµРј_Р°РЅР°Р»РёР·.toc
LaTeX Font Info:    Trying to load font information for OT1+PTSerif-TLF on inpu
t line 1.

(C:\Users\Р‘РѕСЂРёСЃ\AppData\Local\Programs\MiKTeX\tex/latex/paratype\ot1ptseri
f-tlf.fd
File: OT1PTSerif-TLF.fd 2014/02/02 Font definitions for OT1/PTSerif-TLF.
) [1

{C:/Users/Р‘РѕСЂРёСЃ/AppData/Local/MiKTeX/fonts/map/pdftex/pdftex.map}{C:/Users
/Р‘РѕСЂРёСЃ/AppData/Local/Programs/MiKTeX/fonts/enc/dvips/paratype/ptserif_t2a.
enc}])
\tf@toc=\write4
\openout4 = `РєРѕРЅСЃРїРµРєС‚4СЃРµРј_Р°РЅР°Р»РёР·.toc'.

 [2]
Overfull \hbox (1.3645pt too wide) in paragraph at lines 50--51
[]\T2A/PTSerif-TLF/m/n/12 Нетрудно ви-деть, что для су-ще-ство-ва-ния та-ко-го 
пре-де-ла долж-ны вы-пол-нять-ся усло-
 []

[3

]
<im_proof_4eq.png, id=210, 169.63374pt x 113.42375pt>
File: im_proof_4eq.png Graphic file (type png)
<use im_proof_4eq.png>
Package pdftex.def Info: im_proof_4eq.png  used on input line 91.
(pdftex.def)             Requested size: 169.63332pt x 113.42346pt.
 [4]
<im_proof_dif_int0.png, id=224, 266.49562pt x 148.05313pt>
File: im_proof_dif_int0.png Graphic file (type png)
<use im_proof_dif_int0.png>
Package pdftex.def Info: im_proof_dif_int0.png  used on input line 108.
(pdftex.def)             Requested size: 266.49496pt x 148.05275pt.
 [5 <./im_proof_4eq.png> <./im_proof_dif_int0.png>]
<im_lem_ustr_osob.png, id=234, 201.25188pt x 139.01938pt>
File: im_lem_ustr_osob.png Graphic file (type png)
<use im_lem_ustr_osob.png>
Package pdftex.def Info: im_lem_ustr_osob.png  used on input line 131.
(pdftex.def)             Requested size: 201.25137pt x 139.01903pt.
 [6]
Overfull \hbox (9.90329pt too wide) detected at line 134
[] \OT1/cmr/m/n/12 = [] \OMS/cmsy/m/n/12 ^^T \OML/cmm/m/it/12 C" \OT1/cmr/m/n/1
2 + [] = \OML/cmm/m/it/12 C" \OT1/cmr/m/n/12 + [] [] 0
 []

<im_proof_Kochi.png, id=242, 201.25188pt x 139.01938pt>
File: im_proof_Kochi.png Graphic file (type png)
<use im_proof_Kochi.png>
Package pdftex.def Info: im_proof_Kochi.png  used on input line 146.
(pdftex.def)             Requested size: 201.25137pt x 139.01903pt.
[7 <./im_lem_ustr_osob.png> <./im_proof_Kochi.png>] [8]
Overfull \hbox (6.1425pt too wide) in paragraph at lines 195--196
[]\T2A/PTSerif-TLF/m/n/12 Замечание: в каж-дом пунк-те тео-ре-мы мы предъ-яв-ля
-ли раз-ные тре-бо-ва-ния для функ-
 []

[9]
Overfull \hbox (5.6586pt too wide) in paragraph at lines 216--217
[]\T2A/PTSerif-TLF/m/n/12 Если чис-ло ну-лей бес-ко-неч-но, то-гда мож-но вы-бр
ать схо-дя-щу-ю-ся осле-
 []


Overfull \hbox (10.47166pt too wide) in paragraph at lines 231--232
[]\T2A/PTSerif-TLF/b/n/12 Предложение 2. \T2A/PTSerif-TLF/m/it/12 Пусть $\OML/c
mm/m/it/12 F$ \T2A/PTSerif-TLF/m/it/12 це-лая функ-ция. Обо-зна-чим за $\OML/cm
m/m/it/12 M[]\OT1/cmr/m/n/12 (\OML/cmm/m/it/12 r\OT1/cmr/m/n/12 ) = []\OMS/cmsy
/m/n/12 j\OML/cmm/m/it/12 F\OT1/cmr/m/n/12 (\OML/cmm/m/it/12 z\OT1/cmr/m/n/12 )
\OMS/cmsy/m/n/12 j$\T2A/PTSerif-TLF/m/it/12 . Пусть $\OML/cmm/m/it/12 M[]\OT1/c
mr/m/n/12 (\OML/cmm/m/it/12 r\OT1/cmr/m/n/12 ) \OMS/cmsy/m/n/12 ^^T
 []

[10]
<Riemann_sqrt.svg.png, id=280, 1284.8pt x 963.6pt>
File: Riemann_sqrt.svg.png Graphic file (type png)
<use Riemann_sqrt.svg.png>
Package pdftex.def Info: Riemann_sqrt.svg.png  used on input line 249.
(pdftex.def)             Requested size: 256.95544pt x 192.71658pt.
<Riemann_surface_log.svg.png, id=281, 963.6pt x 1119.18124pt>
File: Riemann_surface_log.svg.png Graphic file (type png)
<use Riemann_surface_log.svg.png>
Package pdftex.def Info: Riemann_surface_log.svg.png  used on input line 254.
(pdftex.def)             Requested size: 192.71658pt x 223.83228pt.
 [11] [12 <./Riemann_sqrt.svg.png> <./Riemann_surface_log.svg.png>]
<РіРѕРјРѕС‚РѕРїРЅС‹Рµ_РїСѓС‚Рё.png, id=294, 198.24063pt x 139.52126pt>
File: РіРѕРјРѕС‚РѕРїРЅС‹Рµ_РїСѓС‚Рё.png Graphic file (type png)
<use РіРѕРјРѕС‚РѕРїРЅС‹Рµ_РїСѓС‚Рё.png>
Package pdftex.def Info: РіРѕРјРѕС‚РѕРїРЅС‹Рµ_РїСѓС‚Рё.png  used on input line 
267.
(pdftex.def)             Requested size: 198.24014pt x 139.5209pt.
<РіРѕРјРѕС‚РѕРїРёСЏ.png, id=295, 198.24063pt x 139.52126pt>
File: РіРѕРјРѕС‚РѕРїРёСЏ.png Graphic file (type png)
<use РіРѕРјРѕС‚РѕРїРёСЏ.png>
Package pdftex.def Info: РіРѕРјРѕС‚РѕРїРёСЏ.png  used on input line 273.
(pdftex.def)             Requested size: 198.24014pt x 139.5209pt.

Overfull \hbox (18.35466pt too wide) in paragraph at lines 270--275
[]\T2A/PTSerif-TLF/m/n/12 Для на-ча-ла, го-мо-то-пия это непре-рыв-ное отоб-ра-
же-ние прямоугольника-
 []

[13 <./РіРѕРјРѕС‚РѕРїРЅС‹Рµ_РїСѓС‚Рё.png> <./РіРѕРјРѕС‚РѕРїРёСЏ.png>]
<РґР»СЏ_СЂСЏРґР°_Р›РѕСЂР°РЅР°.png, id=305, 198.24063pt x 139.52126pt>
File: РґР»СЏ_СЂСЏРґР°_Р›РѕСЂР°РЅР°.png Graphic file (type png)
<use РґР»СЏ_СЂСЏРґР°_Р›РѕСЂР°РЅР°.png>
Package pdftex.def Info: РґР»СЏ_СЂСЏРґР°_Р›РѕСЂР°РЅР°.png  used on input line 2
96.
(pdftex.def)             Requested size: 198.24014pt x 139.5209pt.
 [14 <./РґР»СЏ_СЂСЏРґР°_Р›РѕСЂР°РЅР°.png>] [15]
Overfull \hbox (0.64293pt too wide) in paragraph at lines 335--336
[]\T2A/PTSerif-TLF/m/n/12 Рассмотрим $\OML/cmm/m/it/12 g\OT1/cmr/m/n/12 (\OML/c
mm/m/it/12 z\OT1/cmr/m/n/12 ) = []$\T2A/PTSerif-TLF/m/n/12 . Она ана-ли-тич-на 
в окрест-но-сти $\OML/cmm/m/it/12 a$\T2A/PTSerif-TLF/m/n/12 , ко-то-рая яв-ля-е
т-ся устра-
 []

<gamma_function.png, id=330, 770.88pt x 602.25pt>
File: gamma_function.png Graphic file (type png)
<use gamma_function.png>
Package pdftex.def Info: gamma_function.png  used on input line 354.
(pdftex.def)             Requested size: 154.17326pt x 120.44786pt.
[16]
<С‚РµРѕСЂРµРјР°_Рѕ_РІС‹С‡РµС‚Р°С….png, id=340, 262.9825pt x 168.12813pt>
File: С‚РµРѕСЂРµРјР°_Рѕ_РІС‹С‡РµС‚Р°С….png Graphic file (type png)
<use С‚РµРѕСЂРµРјР°_Рѕ_РІС‹С‡РµС‚Р°С….png>
Package pdftex.def Info: С‚РµРѕСЂРµРјР°_Рѕ_РІС‹С‡РµС‚Р°С….png  used on input li
ne 372.
(pdftex.def)             Requested size: 262.98184pt x 168.1277pt.
 [17 <./gamma_function.png>]
<СЃС‡РµС‚_РІ_РІС‹С‡РµС‚Р°С….png, id=349, 198.24063pt x 139.52126pt>
File: СЃС‡РµС‚_РІ_РІС‹С‡РµС‚Р°С….png Graphic file (type png)
<use СЃС‡РµС‚_РІ_РІС‹С‡РµС‚Р°С….png>
Package pdftex.def Info: СЃС‡РµС‚_РІ_РІС‹С‡РµС‚Р°С….png  used on input line 385
.
(pdftex.def)             Requested size: 198.24014pt x 139.5209pt.
 [18 <./С‚РµРѕСЂРµРјР°_Рѕ_РІС‹С‡РµС‚Р°С….png>]
<Р’С‚РѕСЂРѕР№_РїСЂРёРјРµСЂ_РІС‹С‡.png, id=355, 226.34563pt x 129.48375pt>
File: Р’С‚РѕСЂРѕР№_РїСЂРёРјРµСЂ_РІС‹С‡.png Graphic file (type png)
<use Р’С‚РѕСЂРѕР№_РїСЂРёРјРµСЂ_РІС‹С‡.png>
Package pdftex.def Info: Р’С‚РѕСЂРѕР№_РїСЂРёРјРµСЂ_РІС‹С‡.png  used on input li
ne 394.
(pdftex.def)             Requested size: 226.34506pt x 129.48341pt.

[19 <./СЃС‡РµС‚_РІ_РІС‹С‡РµС‚Р°С….png> <./Р’С‚РѕСЂРѕР№_РїСЂРёРјРµСЂ_РІС‹С‡.png>
] [20]
Overfull \hbox (19.15747pt too wide) in paragraph at lines 432--433
\T2A/PTSerif-TLF/m/n/12 де-ле-ния сле-ду-ет из од-но-связ-но-сти об-ла-сти. Те-
перь про-ве-рим, что это "чест-ный"логарифм: 
 []

<РћРїСЂ_Р»РѕРіР°СЂРёС„РјР°.png, id=373, 311.66437pt x 207.77625pt>
File: РћРїСЂ_Р»РѕРіР°СЂРёС„РјР°.png Graphic file (type png)
<use РћРїСЂ_Р»РѕРіР°СЂРёС„РјР°.png>
Package pdftex.def Info: РћРїСЂ_Р»РѕРіР°СЂРёС„РјР°.png  used on input line 439.

(pdftex.def)             Requested size: 311.6636pt x 207.77573pt.
[21 <./РћРїСЂ_Р»РѕРіР°СЂРёС„РјР°.png>] [22] [23]
Overfull \hbox (0.38971pt too wide) in paragraph at lines 500--501
[]\T2A/PTSerif-TLF/m/n/12 Смотреть до-ка-за-тель-ство тео-ре-мы о ло-каль-ной о
д-но-лист-но-сти в сле-
 []

[24] [25] [26] [27] [28] [29]
Overfull \hbox (7.08493pt too wide) in paragraph at lines 625--626
\T2A/PTSerif-TLF/m/n/12 За-фик-си-ру-ем ком-пакт $\OML/cmm/m/it/12 K$ \T2A/PTSe
rif-TLF/m/n/12 и возь-мем про-из-воль-ную по-сле-до-ва-тель-ность функ-ций $\OM
S/cmsy/m/n/12 f\OML/cmm/m/it/12 f[]\OMS/cmsy/m/n/12 g[]$
 []

[30]
Overfull \hbox (3.28275pt too wide) in paragraph at lines 628--630
\T2A/PTSerif-TLF/m/n/12 Выберем диа-го-наль-ные функ-ции. То-гда по-лу-чим по-с
ле-до-ва-тель-ность функ-ций $\OMS/cmsy/m/n/12 f\OML/cmm/m/it/12 f[]\OMS/cmsy/m
/n/12 g[]$
 []

[31]
Overfull \hbox (0.56674pt too wide) in paragraph at lines 659--661
\T2A/PTSerif-TLF/m/n/12 Тогда возь-мем $\OML/cmm/m/it/12 z[] \OMS/cmsy/m/n/12 2
 \OML/cmm/m/it/12 h[]\OT1/cmr/m/n/12 (\OML/cmm/m/it/12 G\OT1/cmr/m/n/12 )$ \T2A
/PTSerif-TLF/m/n/12 и под ис-ко-мое отоб-ра-же-ние по-дой-дет $\OML/cmm/m/it/12
 '\OT1/cmr/m/n/12 (\OML/cmm/m/it/12 z\OT1/cmr/m/n/12 ) := []\OML/cmm/m/it/12 ; 
  " <<
 []

[32] [33] [34] [35] [36]
<РєРѕРЅС„РѕСЂРјРЅРѕРµ_РїР»РѕСЃРєРѕСЃС‚СЊ_РїСЂСЏРј.png, id=495, 270.00874pt x 14
9.55875pt>
File: РєРѕРЅС„РѕСЂРјРЅРѕРµ_РїР»РѕСЃРєРѕСЃС‚СЊ_РїСЂСЏРј.png Graphic file (type p
ng)
<use РєРѕРЅС„РѕСЂРјРЅРѕРµ_РїР»РѕСЃРєРѕСЃС‚СЊ_РїСЂСЏРј.png>
Package pdftex.def Info: РєРѕРЅС„РѕСЂРјРЅРѕРµ_РїР»РѕСЃРєРѕСЃС‚СЊ_РїСЂСЏРј.png  
used on input line 711.
(pdftex.def)             Requested size: 270.00807pt x 149.55838pt.
 [37]
<function_sn.png, id=501, 315.1775pt x 211.28937pt>
File: function_sn.png Graphic file (type png)
<use function_sn.png>
Package pdftex.def Info: function_sn.png  used on input line 720.
(pdftex.def)             Requested size: 315.17673pt x 211.28885pt.
 [38 <./РєРѕРЅС„РѕСЂРјРЅРѕРµ_РїР»РѕСЃРєРѕСЃС‚СЊ_РїСЂСЏРј.png>] [39 <./function_
sn.png>]
<РљСЂРёСЃС‚РѕС„С„РµР»СЊ_РЁРІР°СЂС†.png, id=512, 418.06187pt x 154.5775pt>
File: РљСЂРёСЃС‚РѕС„С„РµР»СЊ_РЁРІР°СЂС†.png Graphic file (type png)
<use РљСЂРёСЃС‚РѕС„С„РµР»СЊ_РЁРІР°СЂС†.png>
Package pdftex.def Info: РљСЂРёСЃС‚РѕС„С„РµР»СЊ_РЁРІР°СЂС†.png  used on input l
ine 741.
(pdftex.def)             Requested size: 418.06084pt x 154.5771pt.
 [40 <./РљСЂРёСЃС‚РѕС„С„РµР»СЊ_РЁРІР°СЂС†.png>]
<РљСЂРёСЃС‚РѕС„С„РµР»СЊ_РЁРІР°СЂС†2.png, id=520, 418.06187pt x 154.5775pt>
File: РљСЂРёСЃС‚РѕС„С„РµР»СЊ_РЁРІР°СЂС†2.png Graphic file (type png)
<use РљСЂРёСЃС‚РѕС„С„РµР»СЊ_РЁРІР°СЂС†2.png>
Package pdftex.def Info: РљСЂРёСЃС‚РѕС„С„РµР»СЊ_РЁРІР°СЂС†2.png  used on input 
line 751.
(pdftex.def)             Requested size: 418.06084pt x 154.5771pt.
 [41 <./РљСЂРёСЃС‚РѕС„С„РµР»СЊ_РЁРІР°СЂС†2.png>]
<РўСЂРµСѓРіРѕР»СЊРЅРёРє.png, id=527, 295.1025pt x 154.5775pt>
File: РўСЂРµСѓРіРѕР»СЊРЅРёРє.png Graphic file (type png)
<use РўСЂРµСѓРіРѕР»СЊРЅРёРє.png>
Package pdftex.def Info: РўСЂРµСѓРіРѕР»СЊРЅРёРє.png  used on input line 768.
(pdftex.def)             Requested size: 295.10176pt x 154.5771pt.
<Р’С‚РѕСЂРѕР№_С€Р°Рі_РџРёРєР°СЂ.png, id=528, 551.56062pt x 227.34938pt>
File: Р’С‚РѕСЂРѕР№_С€Р°Рі_РџРёРєР°СЂ.png Graphic file (type png)
<use Р’С‚РѕСЂРѕР№_С€Р°Рі_РџРёРєР°СЂ.png>
Package pdftex.def Info: Р’С‚РѕСЂРѕР№_С€Р°Рі_РџРёРєР°СЂ.png  used on input line
 774.
(pdftex.def)             Requested size: 551.55927pt x 227.34882pt.

Overfull \hbox (67.8624pt too wide) in paragraph at lines 774--775
 [][] 
 []

[42 <./РўСЂРµСѓРіРѕР»СЊРЅРёРє.png>]
<Р“СЂР°С„_РљРµР»Рё_РџРёРєР°СЂ.png, id=535, 205.76875pt x 154.5775pt>
File: Р“СЂР°С„_РљРµР»Рё_РџРёРєР°СЂ.png Graphic file (type png)
<use Р“СЂР°С„_РљРµР»Рё_РџРёРєР°СЂ.png>
Package pdftex.def Info: Р“СЂР°С„_РљРµР»Рё_РџРёРєР°СЂ.png  used on input line 7
80.
(pdftex.def)             Requested size: 205.76823pt x 154.5771pt.

Overfull \hbox (5.97296pt too wide) in paragraph at lines 777--782
[]\T2A/PTSerif-TLF/m/n/12 Продолжая про-цесс счет-ное чис-ло раз по-лу-чим функ
-цию $\OML/cmm/m/it/12 ^^V$ \T2A/PTSerif-TLF/m/n/12 конформно-инвариантно
 []

LaTeX Font Info:    Trying to load font information for U+euf on input line 785
.
(C:\Users\Р‘РѕСЂРёСЃ\AppData\Local\Programs\MiKTeX\tex/latex/amsfonts\ueuf.fd
File: ueuf.fd 2013/01/14 v3.01 Euler Fraktur
)
[43 <./Р’С‚РѕСЂРѕР№_С€Р°Рі_РџРёРєР°СЂ.png> <./Р“СЂР°С„_РљРµР»Рё_РџРёРєР°СЂ.png>
]
Overfull \hbox (11.76758pt too wide) in paragraph at lines 792--793
[]\T2A/PTSerif-TLF/m/n/12 Из это-го при-ме-ра мож-но по-лу-чить об-щую идею кон
cтру-и-ро-ва-ния ана-ли-тич-ных функ-
 []

[44] [45] [46]

Package hyperref Warning: Token not allowed in a PDF string (Unicode):
(hyperref)                removing `math shift' on input line 832.


Package hyperref Warning: Token not allowed in a PDF string (Unicode):
(hyperref)                removing `superscript' on input line 832.


Package hyperref Warning: Token not allowed in a PDF string (Unicode):
(hyperref)                removing `math shift' on input line 832.


Package hyperref Warning: Token not allowed in a PDF string (Unicode):
(hyperref)                removing `math shift' on input line 832.


Package hyperref Warning: Token not allowed in a PDF string (Unicode):
(hyperref)                removing `superscript' on input line 832.


Package hyperref Warning: Token not allowed in a PDF string (Unicode):
(hyperref)                removing `math shift' on input line 832.

[47] [48]
Overfull \hbox (16.65233pt too wide) detected at line 857
[]\OML/cmm/m/it/12 f \OMS/cmsy/m/n/12 ^^C \OML/cmm/m/it/12 P[]\OT1/cmr/m/n/12 (
\OML/cmm/m/it/12 t\OT1/cmr/m/n/12 ) = [] [][] [] \OMS/cmsy/m/n/12 ^^A [] \OML/c
mm/m/it/12 d^^R \OT1/cmr/m/n/12 =
 []

[49] [50]
Overfull \hbox (2.65176pt too wide) in paragraph at lines 889--891
\T2A/PTSerif-TLF/m/n/12 Интеграл с пре-де-лом мож-но пе-ре-ста-вить, так как яд
-ро Пуас-со-на для внут-рен-ней окруж-
 []


Package hyperref Warning: Token not allowed in a PDF string (Unicode):
(hyperref)                removing `math shift' on input line 901.


Package hyperref Warning: Token not allowed in a PDF string (Unicode):
(hyperref)                removing `superscript' on input line 901.


Package hyperref Warning: Token not allowed in a PDF string (Unicode):
(hyperref)                removing `math shift' on input line 901.

[51]
Overfull \hbox (54.43483pt too wide) detected at line 905
[] \OMS/cmsy/m/n/12 jj\OML/cmm/m/it/12 f \OMS/cmsy/m/n/12 ^^C \OML/cmm/m/it/12 
P[]\OMS/cmsy/m/n/12 jj[] \OT1/cmr/m/n/12 = [] [][] \OMS/cmsy/m/n/12 j\OML/cmm/m
/it/12 f \OMS/cmsy/m/n/12 ^^C \OML/cmm/m/it/12 P[]\OT1/cmr/m/n/12 (\OML/cmm/m/i
t/12 ^^R\OT1/cmr/m/n/12 )\OMS/cmsy/m/n/12 j[]\OML/cmm/m/it/12 d^^R \OT1/cmr/m/n
/12 = [] [][] [][] \OML/cmm/m/it/12 d^^R < \OT1/cmr/m/n/12 +\OMS/cmsy/m/n/12 1
 []


Overfull \hbox (14.81465pt too wide) in paragraph at lines 908--909
[]\T2A/PTSerif-TLF/m/n/12 Воспользуемся ком-му-та-тив-но-стью сверт-ки, за-тем 
по нера-вен-ству гель-
 []


Overfull \hbox (5.149pt too wide) in paragraph at lines 908--909
\T2A/PTSerif-TLF/m/n/12 де-ра оце-ним внут-рен-ний ин-те-грал, поль-зу-ясь из-в
ест-ны-ми нам фак-та-ми, что $\OMS/cmsy/m/n/12 jj[]\OML/cmm/m/it/12 P[]\OMS/cms
y/m/n/12 jj[] \OT1/cmr/m/n/12 =
 []


Overfull \hbox (13.7684pt too wide) detected at line 910
\OT1/cmr/m/n/12 = [][] \OMS/cmsy/m/n/12 j\OML/cmm/m/it/12 f\OT1/cmr/m/n/12 (\OM
L/cmm/m/it/12 ^^R \OMS/cmsy/m/n/12 ^^@ \OML/cmm/m/it/12 t\OT1/cmr/m/n/12 )\OMS/
cmsy/m/n/12 j [][] [][] \OML/cmm/m/it/12 dt \OMS/cmsy/m/n/12 ^^T [][] [][]
 []

[52] [53] [54]
Overfull \hbox (51.21466pt too wide) detected at line 963
[] \OT1/cmr/m/n/12 = []
 []


Overfull \hbox (35.08275pt too wide) detected at line 967
[] \OT1/cmr/m/n/12 = [] \OMS/cmsy/m/n/12 ^^T
 []

[55]

Package hyperref Warning: Token not allowed in a PDF string (Unicode):
(hyperref)                removing `math shift' on input line 976.


Package hyperref Warning: Token not allowed in a PDF string (Unicode):
(hyperref)                removing `superscript' on input line 976.


Package hyperref Warning: Token not allowed in a PDF string (Unicode):
(hyperref)                removing `math shift' on input line 976.

[56]
Overfull \hbox (11.77344pt too wide) in paragraph at lines 990--991
\T2A/PTSerif-TLF/m/n/12 де-ния для то-чек внут-ри него. Пусть мы ра-бо-та-ем вн
ут-ри $\OML/cmm/m/it/12 B[]\OT1/cmr/m/n/12 (0)\OML/cmm/m/it/12 ;  \OT1/cmr/m/n/
12 0 \OML/cmm/m/it/12 < r < \OT1/cmr/m/n/12 1$ \T2A/PTSerif-TLF/m/n/12 и там $\
OMS/cmsy/m/n/12 f\OML/cmm/m/it/12 a[]; []  ; a[]\OMS/cmsy/m/n/12 g$
 []


Overfull \hbox (4.02522pt too wide) in paragraph at lines 991--993
\T2A/PTSerif-TLF/m/n/12 риф-мом мо-ду-ля ис-ход-ной на окруж-но-сти ра-ди-у-са 
$\OML/cmm/m/it/12 r$\T2A/PTSerif-TLF/m/n/12 , то-гда по-лу-ча-ем фор-му-лы Пуас
сона-
 []

[57] [58] [59] [60] [61]
Overfull \hbox (5.02927pt too wide) in paragraph at lines 1082--1083
[]\T2A/PTSerif-TLF/b/n/12 Теорема 36. \T2A/PTSerif-TLF/m/it/12 (Вей-ер-штрас-са
) Пусть да-на по-сле-до-ва-тель-ность ком-плекс-ных чи-сел $\OMS/cmsy/m/n/12 f\
OML/cmm/m/it/12 z[]\OMS/cmsy/m/n/12 g[]$\T2A/PTSerif-TLF/m/it/12 ,
 []


Overfull \hbox (0.25648pt too wide) in paragraph at lines 1082--1083
\T2A/PTSerif-TLF/m/it/12 име-ю-щих един-ствен-ную точ-ку сгу-ще-ния на бес-ко-н
еч-но-сти. То-гда су-ще-ству-ет це-лая функ-
 []

[62] [63] [64]
Overfull \hbox (2.97578pt too wide) in paragraph at lines 1142--1144
\T2A/PTSerif-TLF/m/n/12 Давайте как-то оце-ни-вать мо-дуль функ-ции че-рез оцен
-ки для ко-эф-фи-ци-ен-тов, при этом
 []


Overfull \hbox (3.53441pt too wide) in paragraph at lines 1142--1144
\T2A/PTSerif-TLF/m/n/12 за-ме-тим, что эти оцен-ки име-ют неко-то-рое сход-ство
 с $\OML/cmm/m/it/12 n\OT1/cmr/m/n/12 !$\T2A/PTSerif-TLF/m/n/12 , ес-ли вспом-н
ить фор-му-лу Стир-
 []

[65] [66] [67]
<РћР±СЂР°Р·_РљРµР±Рµ.png, id=685, 551.56062pt x 130.98938pt>
File: РћР±СЂР°Р·_РљРµР±Рµ.png Graphic file (type png)
<use РћР±СЂР°Р·_РљРµР±Рµ.png>
Package pdftex.def Info: РћР±СЂР°Р·_РљРµР±Рµ.png  used on input line 1198.
(pdftex.def)             Requested size: 551.55927pt x 130.98904pt.

Overfull \hbox (67.8624pt too wide) in paragraph at lines 1198--1199
 [][] 
 []

[68] [69 <./РћР±СЂР°Р·_РљРµР±Рµ.png>]
Overfull \hbox (2.07835pt too wide) in paragraph at lines 1218--1219
[]\T2A/PTSerif-TLF/m/n/12 Теперь по-го-во-рим о сим-мет-рич-ном слу-чае, ес-ли 
так мож-но вы-ра-зить-ся. Пусть функ-
 []

<РџР»РѕС‰Р°РґСЊ_РґРѕРї_РѕРґРЅРѕР»РёСЃС‚РЅРѕР№.png, id=696, 449.17813pt x 158.09
062pt>
File: РџР»РѕС‰Р°РґСЊ_РґРѕРї_РѕРґРЅРѕР»РёСЃС‚РЅРѕР№.png Graphic file (type png)
<use РџР»РѕС‰Р°РґСЊ_РґРѕРї_РѕРґРЅРѕР»РёСЃС‚РЅРѕР№.png>
Package pdftex.def Info: РџР»РѕС‰Р°РґСЊ_РґРѕРї_РѕРґРЅРѕР»РёСЃС‚РЅРѕР№.png  used
 on input line 1222.
(pdftex.def)             Requested size: 449.17703pt x 158.09023pt.
[70 <./РџР»РѕС‰Р°РґСЊ_РґРѕРї_РѕРґРЅРѕР»РёСЃС‚РЅРѕР№.png>] [71] [72] [73]
Overfull \hbox (34.18196pt too wide) detected at line 1306
\OML/cmm/m/it/12 r \OMS/cmsy/m/n/12 ^^A [] j\OML/cmm/m/it/12 g\OT1/cmr/m/n/12 (
\OML/cmm/m/it/12 re[]\OT1/cmr/m/n/12 ) \OMS/cmsy/m/n/12 ^^@ \OML/cmm/m/it/12 g\
OT1/cmr/m/n/12 (\OMS/cmsy/m/n/12 ^^@\OML/cmm/m/it/12 re[]\OT1/cmr/m/n/12 )\OMS/
cmsy/m/n/12 j ^^U [] [][] j\OML/cmm/m/it/12 g\OT1/cmr/m/n/12 (\OML/cmm/m/it/12 
re[]\OT1/cmr/m/n/12 ) \OMS/cmsy/m/n/12 ^^@ \OML/cmm/m/it/12 g\OT1/cmr/m/n/12 (\
OMS/cmsy/m/n/12 ^^@\OML/cmm/m/it/12 re[]\OT1/cmr/m/n/12 )\OMS/cmsy/m/n/12 j\OML
/cmm/m/it/12 re[]dt \OMS/cmsy/m/n/12 ^^U [] \OT1/cmr/m/n/12 = 2\OML/cmm/m/it/12
 r[];
 []

[74] [75] [76] [77] [78]
Overfull \hbox (3.92726pt too wide) in paragraph at lines 1401--1402
[]\T2A/PTSerif-TLF/m/n/12 Принцип сим-мет-ри-за-ции для од-но-лист-ных функ-ций
. Оцен-ки на функ-ции из клас-
 []

[79] (РєРѕРЅСЃРїРµРєС‚4СЃРµРј_Р°РЅР°Р»РёР·.aux)
 ***********
LaTeX2e <2025-11-01>
L3 programming layer <2026-01-19>
 ***********
Package rerunfilecheck Info: File `РєРѕРЅСЃРїРµРєС‚4СЃРµРј_Р°РЅР°Р»РёР·.out' ha
s not changed.
(rerunfilecheck)             Checksum: 1843D6D64FFD413DEC2544F6F8818DD7;11461.
 ) 
Here is how much of TeX's memory you used:
 15551 strings out of 467865
 252255 string characters out of 5415884
 664490 words of memory out of 5000000
 43839 multiletter control sequences out of 15000+600000
 690296 words of font info for 99 fonts, out of 8000000 for 9000
 1141 hyphenation exceptions out of 8191
 75i,12n,79p,3469b,747s stack positions out of 10000i,1000n,20000p,200000b,200000s
<C:/Users/Р‘РѕСЂРёСЃ/AppData/Local/Programs/MiKTeX/fonts/type1/paratype/ptser
if/PTF55F.pfb><C:/Users/Р‘РѕСЂРёСЃ/AppData/Local/Programs/MiKTeX/fonts/type1/pa
ratype/ptserif/PTF56F.pfb><C:/Users/Р‘РѕСЂРёСЃ/AppData/Local/Programs/MiKTeX/fo
nts/type1/paratype/ptserif/PTF75F.pfb><C:/Users/Р‘РѕСЂРёСЃ/AppData/Local/Progra
ms/MiKTeX/fonts/type1/public/amsfonts/cm/cmex10.pfb><C:/Users/Р‘РѕСЂРёСЃ/AppDat
a/Local/Programs/MiKTeX/fonts/type1/public/amsfonts/cm/cmmi12.pfb><C:/Users/Р‘Р
ѕСЂРёСЃ/AppData/Local/Programs/MiKTeX/fonts/type1/public/amsfonts/cm/cmmi6.pfb>
<C:/Users/Р‘РѕСЂРёСЃ/AppData/Local/Programs/MiKTeX/fonts/type1/public/amsfonts/
cm/cmmi8.pfb><C:/Users/Р‘РѕСЂРёСЃ/AppData/Local/Programs/MiKTeX/fonts/type1/pub
lic/amsfonts/cm/cmr12.pfb><C:/Users/Р‘РѕСЂРёСЃ/AppData/Local/Programs/MiKTeX/fo
nts/type1/public/amsfonts/cm/cmr6.pfb><C:/Users/Р‘РѕСЂРёСЃ/AppData/Local/Progra
ms/MiKTeX/fonts/type1/public/amsfonts/cm/cmr8.pfb><C:/Users/Р‘РѕСЂРёСЃ/AppData/
Local/Programs/MiKTeX/fonts/type1/public/amsfonts/cm/cmsy10.pfb><C:/Users/Р‘РѕС
ЂРёСЃ/AppData/Local/Programs/MiKTeX/fonts/type1/public/amsfonts/cm/cmsy6.pfb><C
:/Users/Р‘РѕСЂРёСЃ/AppData/Local/Programs/MiKTeX/fonts/type1/public/amsfonts/cm
/cmsy8.pfb><C:/Users/Р‘РѕСЂРёСЃ/AppData/Local/Programs/MiKTeX/fonts/type1/publi
c/amsfonts/euler/eufm10.pfb><C:/Users/Р‘РѕСЂРёСЃ/AppData/Local/Programs/MiKTeX/
fonts/type1/public/amsfonts/symbols/msam10.pfb><C:/Users/Р‘РѕСЂРёСЃ/AppData/Loc
al/Programs/MiKTeX/fonts/type1/public/amsfonts/symbols/msbm10.pfb>
Output written on РєРѕРЅСЃРїРµРєС‚4СЃРµРј_Р°РЅР°Р»РёР·.pdf (79 pages, 1696913 b
ytes).
PDF statistics:
 927 PDF objects out of 1000 (max. 8388607)
 334 named destinations out of 1000 (max. 500000)
 408 words of extra memory for PDF output out of 10000 (max. 10000000)

